// Vitest Snapshot v1, https://vitest.dev/guide/snapshot.html

exports[`test code component props > test code content 1`] = `
"<div class="var-highlighter-provider">
  <div class="var-code" props="[object Object]">
    <div class="var-code__content"><pre class="shiki nord" style="background-color:#2e3440ff;color:#d8dee9ff" tabindex="0"><code><span class="line"><span></span></span></code></pre>
    </div>
  </div>
</div>"
`;

exports[`test code component props > test code lang 1`] = `
"<div class="var-highlighter-provider">
  <div class="var-code" props="[object Object]">
    <div class="var-code__content"><pre class="shiki nord" style="background-color:#2e3440ff;color:#d8dee9ff" tabindex="0"><code><span class="line"><span></span></span></code></pre>
    </div>
  </div>
</div>"
`;

exports[`test code component props > test code theme 1`] = `
"<div class="var-highlighter-provider">
  <div class="var-code" props="[object Object]">
    <div class="var-code__content"><pre class="shiki nord" style="background-color:#2e3440ff;color:#d8dee9ff" tabindex="0"><code><span class="line"><span></span></span></code></pre>
    </div>
  </div>
</div>"
`;
